// Jest Snapshot v1, https://goo.gl/fbAQLP

exports[`Pruebas en <TodoAdd /> Debe de mostrar el componente correctamente 1`] = `
<Fragment>
  <h4
    className="text-center"
  >
    Agregar TODO
  </h4>
  <hr />
  <form
    onSubmit={[Function]}
  >
    <input
      autoComplete="false"
      className="form-control"
      name="description"
      onChange={[Function]}
      placeholder="Aprender..."
      type="text"
      value=""
    />
    <button
      className="btn btn-primary mt-2 btn-block"
      type="submit"
    >
      Agregar
    </button>
  </form>
</Fragment>
`;
