// Jest Snapshot v1, https://goo.gl/fbAQLP

exports[`Pruebas en <TodoApp /> Debe de mostrar el componente correctamente 1`] = `
<div
  className="imagen pt-5"
>
  <div
    className="container"
  >
    <h1
      className="text-center"
    >
      TodoApp (
      0
      )
    </h1>
    <hr />
    <div
      className="row"
    >
      <div
        className="col-md-7 col-sm-12"
      >
        <h4
          className="text-center"
        >
          Listado
        </h4>
        <TodoList
          handleDelete={[Function]}
          handleToggle={[Function]}
          todos={Array []}
        />
      </div>
      <div
        className="col-md-5 col-sm-12"
      >
        <TodoAdd
          handleAddTodo={[Function]}
        />
      </div>
    </div>
  </div>
</div>
`;
